[www.ratinhomilionario.com/rt1/index.html]
[backblue.gif]
[fade.gif]
[index.html]
[img.imageboss.me/atm/cdn/u/jZBMpCBanOb4g3SWQQna9kAJOaT2/l/NNKguP0826411.png]
[cdn.jsdelivr.net/npm/bootstrap-icons@1.9.1/font/bootstrap-icons.css]
[img.imageboss.me/atm/cdn/format_auto/u/EzYjf3l62kZDr8sGok1XN7lJ3X02/l/sHzxkP6540709.png]
[img.imageboss.me/atm/cdn/format_auto/u/EzYjf3l62kZDr8sGok1XN7lJ3X02/l/xRaseH6382614.png]
[img.imageboss.me/atm/cdn/format_auto/u/nJ4YdsruyufhK9NbUqUlacBmVmD2/l/YgWbXr5287481.jpg]
[img.imageboss.me/atm/cdn/format_auto/u/EzYjf3l62kZDr8sGok1XN7lJ3X02/l/IfAQey5324133.png]
[img.imageboss.me/atm/cdn/format_auto/u/nJ4YdsruyufhK9NbUqUlacBmVmD2/l/LDtWkE4994763.png]
[img.imageboss.me/atm/cdn/format_auto/u/EzYjf3l62kZDr8sGok1XN7lJ3X02/l/mPiaYQ5064545.png]
[img.imageboss.me/atm/cdn/format_auto/u/nJ4YdsruyufhK9NbUqUlacBmVmD2/l/YELdeX4279332.jpg]
[img.imageboss.me/atm/cdn/format_auto/u/nJ4YdsruyufhK9NbUqUlacBmVmD2/l/oSNWIo4287552.jpg]
[img.imageboss.me/atm/cdn/format_auto/u/nJ4YdsruyufhK9NbUqUlacBmVmD2/l/XdoGWL4297101.jpg]
[img.imageboss.me/atm/cdn/format_auto/u/EzYjf3l62kZDr8sGok1XN7lJ3X02/l/oSdjGo6808326.png]
[connect.facebook.net/en_US/fbevents.js]
[www.ratinhomilionario.com/rt1/js/oalQdd7461257.js]
[www.ratinhomilionario.com/rt1/index.html]
[cdn.jsdelivr.net/npm/bootstrap-icons@1.9.1/font/fonts/bootstrap-iconsd862.woff2]
[cdn.jsdelivr.net/npm/bootstrap-icons@1.9.1/font/fonts/bootstrap-iconsd862.woff]
[cdn.jsdelivr.net/npm/bootstrap-icons@1.9.1/font/bootstrap-icons.css]
[www.ratinhomilionario.com/rt1/a.10.delayed]
[www.ratinhomilionario.com/rt1/POST.11.delayed]
[www.ratinhomilionario.com/rt1/schema.org/index.html]
[www.ratinhomilionario.com/rt1/b.12.delayed]
[www.ratinhomilionario.com/signals/iwl.js]
[connect.facebook.net/en_US/fbevents.js]
[www.ratinhomilionario.com/rt1/a.html]
[www.ratinhomilionario.com/rt1/POST.html]
[www.ratinhomilionario.com/rt1/schema.org/index.html]
[www.ratinhomilionario.com/rt1/b.html]
[www.ratinhomilionario.com/signals/iwl.html]
